File is written by LVS v16.00 on 02/14/13 14:54:38.
Node and elements after first round of iterations.

Perfectly matched nodes
=======================

File: R2RDAC8.spc               <==>  R2RDAC8.spv                   
========================
B<4>                            <==>  B<4>                          
B<3>                            <==>  B<3>                          
B<2>                            <==>  B<2>                          
bb(XU11/X6/)                    <==>  bb(XXbit<4>/)                 
bb(XU11/X5/)                    <==>  bb(XXbit<3>/)                 
bb(XU11/X4/)                    <==>  bb(XXbit<2>/)                 
B<1>                            <==>  B<1>                          
B<5>                            <==>  B<5>                          
b(XU11/X6/)                     <==>  b(XXbit<4>/)                  
b(XU11/X5/)                     <==>  b(XXbit<3>/)                  
b(XU11/X4/)                     <==>  b(XXbit<2>/)                  
bb(XU11/X3/)                    <==>  bb(XXbit<1>/)                 
bb(XU11/X7/)                    <==>  bb(XXbit<5>/)                 
B<0>                            <==>  B<0>                          
4(XU11/)                        <==>  DB<3>                         
6(XU11/)                        <==>  DB<4>                         
8(XU11/)                        <==>  DB<5>                         
b(XU11/X3/)                     <==>  b(XXbit<1>/)                  
b(XU11/X7/)                     <==>  b(XXbit<5>/)                  
bb(XU11/X2/)                    <==>  bb(XXbit<0>/)                 
10(XU11/)                       <==>  DB<6>                         
2(XU11/)                        <==>  DB<2>                         
b(XU11/X2/)                     <==>  b(XXbit<0>/)                  
Vout(XU11/)                     <==>  DB<1>                         
12(XU11/)                       <==>  DB<7>                         
VrefP                           <==>  VREFP                         
VrefM                           <==>  VREFM                         
Adj                             <==>  ADJ                           
-----------------------

Other nodes
=======================

-----------------------
B<7>                          
B<6>                          
	B<7>                          
	B<6>                          
bb(XU11/X8/)                  
bb(XU11/X9/)                  
	bb(XXbit<6>/)                 
	bb(XXbit<7>/)                 
b(XU11/X8/)                   
b(XU11/X9/)                   
	b(XXbit<6>/)                  
	b(XXbit<7>/)                  

-----------------------


Perfectly matched elements
=======================

File: R2RDAC8.spc               <==>  R2RDAC8.spv                   
=======================
M2(XU11/X5)                     <==>  MM1n(XXbit<3>)                
M2(XU11/X4)                     <==>  MM1n(XXbit<2>)                
M2(XU11/X6)                     <==>  MM1n(XXbit<4>)                
M4(XU11/X5)                     <==>  MM2p(XXbit<3>)                
M4(XU11/X4)                     <==>  MM2p(XXbit<2>)                
M4(XU11/X6)                     <==>  MM2p(XXbit<4>)                
M2(XU11/X3)                     <==>  MM1n(XXbit<1>)                
M2(XU11/X7)                     <==>  MM1n(XXbit<5>)                
M4(XU11/X3)                     <==>  MM2p(XXbit<1>)                
M4(XU11/X7)                     <==>  MM2p(XXbit<5>)                
M1(XU11/X6)_Merged_Elements     <==>  MM3n(XXbit<4>)                
M2(XU11/X5/XU3)_Merged_Elements  <==>  MM3n(XXbit<3>)                
M1(XU11/X4)_Merged_Elements     <==>  MM3n(XXbit<2>)                
M3(XU11/X6)_Merged_Elements     <==>  MM4p(XXbit<4>)                
M2(XU11/X5/XU5)_Merged_Elements  <==>  MM4p(XXbit<3>)                
M3(XU11/X4)_Merged_Elements     <==>  MM4p(XXbit<2>)                
M2(XU11/X2)                     <==>  MM1n(XXbit<0>)                
M4(XU11/X2)                     <==>  MM2p(XXbit<0>)                
M2(XU11/X7/XU5)_Merged_Elements  <==>  MM4p(XXbit<5>)                
M1(XU11/X3/XU5)_Merged_Elements  <==>  MM4p(XXbit<1>)                
M2(XU11/X7/XU3)_Merged_Elements  <==>  MM3n(XXbit<5>)                
M1(XU11/X3/XU3)_Merged_Elements  <==>  MM3n(XXbit<1>)                
R(XU11/X6/XU10/X2/X1)_Merged_Elements  <==>  R(XXbit<4>/XR2)               
R(XU11/X5/XU10/X7/X1)_Merged_Elements  <==>  R(XXbit<3>/XR2)               
R(XU11/X4/XU10/X2/X1)_Merged_Elements  <==>  R(XXbit<2>/XR2)               
R(XU11/X5/XU10/X6/X1)_Merged_Elements  <==>  R(XXbit<3>/XR1)               
R(XU11/X6/XU10/X3/X1)_Merged_Elements  <==>  R(XXbit<4>/XR1)               
M2(XU11/X2/XU3)_Merged_Elements  <==>  MM3n(XXbit<0>)                
M2(XU11/X2/XU5)_Merged_Elements  <==>  MM4p(XXbit<0>)                
R(XU11/X3/XU10/X4/X1)_Merged_Elements  <==>  R(XXbit<1>/XR2)               
R(XU11/X7/XU10/X7/X1)_Merged_Elements  <==>  R(XXbit<5>/XR2)               
R(XU11/X4/XU10/X3/X1)_Merged_Elements  <==>  R(XXbit<2>/XR1)               
R(XU11/X7/XU10/X6/X1)_Merged_Elements  <==>  R(XXbit<5>/XR1)               
R(XU11/X2/XU10/X4/X1)_Merged_Elements  <==>  R(XXbit<0>/XR2)               
R(XU11/X8/XU10/X3/X1)_Merged_Elements  <==>  R(XXbit<6>/XR1)               
R(XU11/X3/XU10/X6/X1)_Merged_Elements  <==>  R(XXbit<1>/XR1)               
R(XU11/X2/XU10/X3/X1)_Merged_Elements  <==>  R(XXbit<0>/XR1)_Merged_Elements
-----------------------

Other elements
=======================

-----------------------
M2(XU11/X8)                   
M2(XU11/X9)                   
	MM1n(XXbit<7>)                
	MM1n(XXbit<6>)                
M4(XU11/X8)                   
M4(XU11/X9)                   
	MM2p(XXbit<7>)                
	MM2p(XXbit<6>)                
M1(XU11/X8)_Merged_Elements   
M2(XU11/X9/XU3)_Merged_Elements
	MM3n(XXbit<6>)                
	MM3n(XXbit<7>)                
M3(XU11/X8)_Merged_Elements   
M2(XU11/X9/XU5)_Merged_Elements
	MM4p(XXbit<6>)                
	MM4p(XXbit<7>)                
R(XU11/X8/XU10/X2/X1)_Merged_Elements
R(XU11/X9/XU10/X6/X1)_Merged_Elements
	R(XXbit<6>/XR2)               
	R(XXbit<7>/XR2)_Merged_Elements

-----------------------

==============================================================================

Node and elements after trial matching and second round of iterations.

Perfectly matched nodes
=======================

File: R2RDAC8.spc               <==>  R2RDAC8.spv                   
========================
B<6>                            <==>  B<6>                          
B<7>                            <==>  B<7>                          
bb(XU11/X9/)                    <==>  bb(XXbit<7>/)                 
bb(XU11/X8/)                    <==>  bb(XXbit<6>/)                 
b(XU11/X8/)                     <==>  b(XXbit<6>/)                  
b(XU11/X9/)                     <==>  b(XXbit<7>/)                  
B<4>                            <==>  B<4>                          
B<3>                            <==>  B<3>                          
B<2>                            <==>  B<2>                          
bb(XU11/X6/)                    <==>  bb(XXbit<4>/)                 
bb(XU11/X5/)                    <==>  bb(XXbit<3>/)                 
bb(XU11/X4/)                    <==>  bb(XXbit<2>/)                 
B<1>                            <==>  B<1>                          
B<5>                            <==>  B<5>                          
b(XU11/X6/)                     <==>  b(XXbit<4>/)                  
b(XU11/X5/)                     <==>  b(XXbit<3>/)                  
b(XU11/X4/)                     <==>  b(XXbit<2>/)                  
bb(XU11/X3/)                    <==>  bb(XXbit<1>/)                 
bb(XU11/X7/)                    <==>  bb(XXbit<5>/)                 
B<0>                            <==>  B<0>                          
4(XU11/)                        <==>  DB<3>                         
6(XU11/)                        <==>  DB<4>                         
8(XU11/)                        <==>  DB<5>                         
b(XU11/X3/)                     <==>  b(XXbit<1>/)                  
b(XU11/X7/)                     <==>  b(XXbit<5>/)                  
bb(XU11/X2/)                    <==>  bb(XXbit<0>/)                 
10(XU11/)                       <==>  DB<6>                         
2(XU11/)                        <==>  DB<2>                         
b(XU11/X2/)                     <==>  b(XXbit<0>/)                  
Vout(XU11/)                     <==>  DB<1>                         
12(XU11/)                       <==>  DB<7>                         
VrefP                           <==>  VREFP                         
VrefM                           <==>  VREFM                         
Adj                             <==>  ADJ                           
-----------------------

Other nodes
=======================

-----------------------

-----------------------


Perfectly matched elements
=======================

File: R2RDAC8.spc               <==>  R2RDAC8.spv                   
=======================
M2(XU11/X9)                     <==>  MM1n(XXbit<7>)                
M2(XU11/X8)                     <==>  MM1n(XXbit<6>)                
M4(XU11/X9)                     <==>  MM2p(XXbit<7>)                
M4(XU11/X8)                     <==>  MM2p(XXbit<6>)                
M2(XU11/X9/XU3)_Merged_Elements  <==>  MM3n(XXbit<7>)                
M1(XU11/X8)_Merged_Elements     <==>  MM3n(XXbit<6>)                
M2(XU11/X9/XU5)_Merged_Elements  <==>  MM4p(XXbit<7>)                
M3(XU11/X8)_Merged_Elements     <==>  MM4p(XXbit<6>)                
R(XU11/X8/XU10/X2/X1)_Merged_Elements  <==>  R(XXbit<6>/XR2)               
R(XU11/X9/XU10/X6/X1)_Merged_Elements  <==>  R(XXbit<7>/XR2)_Merged_Elements
M2(XU11/X5)                     <==>  MM1n(XXbit<3>)                
M2(XU11/X4)                     <==>  MM1n(XXbit<2>)                
M2(XU11/X6)                     <==>  MM1n(XXbit<4>)                
M4(XU11/X5)                     <==>  MM2p(XXbit<3>)                
M4(XU11/X4)                     <==>  MM2p(XXbit<2>)                
M4(XU11/X6)                     <==>  MM2p(XXbit<4>)                
M2(XU11/X3)                     <==>  MM1n(XXbit<1>)                
M2(XU11/X7)                     <==>  MM1n(XXbit<5>)                
M4(XU11/X3)                     <==>  MM2p(XXbit<1>)                
M4(XU11/X7)                     <==>  MM2p(XXbit<5>)                
M1(XU11/X6)_Merged_Elements     <==>  MM3n(XXbit<4>)                
M2(XU11/X5/XU3)_Merged_Elements  <==>  MM3n(XXbit<3>)                
M1(XU11/X4)_Merged_Elements     <==>  MM3n(XXbit<2>)                
M3(XU11/X6)_Merged_Elements     <==>  MM4p(XXbit<4>)                
M2(XU11/X5/XU5)_Merged_Elements  <==>  MM4p(XXbit<3>)                
M3(XU11/X4)_Merged_Elements     <==>  MM4p(XXbit<2>)                
M2(XU11/X2)                     <==>  MM1n(XXbit<0>)                
M4(XU11/X2)                     <==>  MM2p(XXbit<0>)                
M2(XU11/X7/XU5)_Merged_Elements  <==>  MM4p(XXbit<5>)                
M1(XU11/X3/XU5)_Merged_Elements  <==>  MM4p(XXbit<1>)                
M2(XU11/X7/XU3)_Merged_Elements  <==>  MM3n(XXbit<5>)                
M1(XU11/X3/XU3)_Merged_Elements  <==>  MM3n(XXbit<1>)                
R(XU11/X6/XU10/X2/X1)_Merged_Elements  <==>  R(XXbit<4>/XR2)               
R(XU11/X5/XU10/X7/X1)_Merged_Elements  <==>  R(XXbit<3>/XR2)               
R(XU11/X4/XU10/X2/X1)_Merged_Elements  <==>  R(XXbit<2>/XR2)               
R(XU11/X5/XU10/X6/X1)_Merged_Elements  <==>  R(XXbit<3>/XR1)               
R(XU11/X6/XU10/X3/X1)_Merged_Elements  <==>  R(XXbit<4>/XR1)               
M2(XU11/X2/XU3)_Merged_Elements  <==>  MM3n(XXbit<0>)                
M2(XU11/X2/XU5)_Merged_Elements  <==>  MM4p(XXbit<0>)                
R(XU11/X3/XU10/X4/X1)_Merged_Elements  <==>  R(XXbit<1>/XR2)               
R(XU11/X7/XU10/X7/X1)_Merged_Elements  <==>  R(XXbit<5>/XR2)               
R(XU11/X4/XU10/X3/X1)_Merged_Elements  <==>  R(XXbit<2>/XR1)               
R(XU11/X7/XU10/X6/X1)_Merged_Elements  <==>  R(XXbit<5>/XR1)               
R(XU11/X2/XU10/X4/X1)_Merged_Elements  <==>  R(XXbit<0>/XR2)               
R(XU11/X8/XU10/X3/X1)_Merged_Elements  <==>  R(XXbit<6>/XR1)               
R(XU11/X3/XU10/X6/X1)_Merged_Elements  <==>  R(XXbit<1>/XR1)               
R(XU11/X2/XU10/X3/X1)_Merged_Elements  <==>  R(XXbit<0>/XR1)_Merged_Elements
-----------------------

Other elements
=======================

-----------------------

-----------------------

==============================================================================

